// Jest Snapshot v1, https://goo.gl/fbAQLP

exports[`List renders correctly 1`] = `ShallowWrapper {}`;

exports[`PokemonCard renders correctly 1`] = `ShallowWrapper {}`;
