// Jest Snapshot v1, https://goo.gl/fbAQLP

exports[`PokemonCard renders correctly 1`] = `ShallowWrapper {}`;
