// Jest Snapshot v1, https://goo.gl/fbAQLP

exports[`BaseButton renders correctly 1`] = `ShallowWrapper {}`;

exports[`SearchNavbar renders correctly 1`] = `ShallowWrapper {}`;
